// Vitest Snapshot v1, https://vitest.dev/guide/snapshot.html

exports[`RegisterCustomerSelection stories snapshot > Checked story renders and matches snapshot 1`] = `
<div
  class="w-full max-w-2xl mx-auto p-6"
  data-register-harness="true"
>
  <div
    data-testid="register-customer-checkbox"
  >
    <div
      class="space-y-3"
    >
      <div
        class="flex items-start space-x-3"
      >
        <input
          aria-label="Create an account for a faster checkout next time"
          class="mt-0.5 h-4 w-4 rounded border-input accent-primary"
          data-testid="create-account-checkbox"
          id="create-account-checkbox"
          type="checkbox"
        />
        <div
          class="space-y-1 flex-1"
        >
          <label
            class="text-sm font-medium leading-none cursor-pointer"
            for="create-account-checkbox"
          >
            Create an account for a faster checkout next time
          </label>
        </div>
      </div>
    </div>
  </div>
</div>
`;

exports[`RegisterCustomerSelection stories snapshot > Default story renders and matches snapshot 1`] = `
<div
  class="w-full max-w-2xl mx-auto p-6"
  data-register-harness="true"
>
  <div
    data-testid="register-customer-checkbox"
  >
    <div
      class="space-y-3"
    >
      <div
        class="flex items-start space-x-3"
      >
        <input
          aria-label="Create an account for a faster checkout next time"
          class="mt-0.5 h-4 w-4 rounded border-input accent-primary"
          data-testid="create-account-checkbox"
          id="create-account-checkbox"
          type="checkbox"
        />
        <div
          class="space-y-1 flex-1"
        >
          <label
            class="text-sm font-medium leading-none cursor-pointer"
            for="create-account-checkbox"
          >
            Create an account for a faster checkout next time
          </label>
        </div>
      </div>
    </div>
  </div>
</div>
`;

exports[`RegisterCustomerSelection stories snapshot > WithCallback story renders and matches snapshot 1`] = `
<div
  class="w-full max-w-2xl mx-auto p-6"
  data-register-harness="true"
>
  <div
    data-testid="register-customer-checkbox"
  >
    <div
      class="space-y-3"
    >
      <div
        class="flex items-start space-x-3"
      >
        <input
          aria-label="Create an account for a faster checkout next time"
          class="mt-0.5 h-4 w-4 rounded border-input accent-primary"
          data-testid="create-account-checkbox"
          id="create-account-checkbox"
          type="checkbox"
        />
        <div
          class="space-y-1 flex-1"
        >
          <label
            class="text-sm font-medium leading-none cursor-pointer"
            for="create-account-checkbox"
          >
            Create an account for a faster checkout next time
          </label>
        </div>
      </div>
    </div>
  </div>
</div>
`;
