// Vitest Snapshot v1, https://vitest.dev/guide/snapshot.html

exports[`ThemeSwitcher stories snapshot > Default story renders and matches snapshot 1`] = `
<div>
  <div
    class="*:not-first:mt-2"
  >
    <div
      class="relative flex"
    >
      <select
        aria-label="ariaLabel"
        class="peer border-input text-foreground focus-visible:border-ring focus-visible:ring-ring/50 has-[option[disabled]:checked]:text-muted-foreground aria-invalid:ring-destructive/20 dark:aria-invalid:ring-destructive/40 aria-invalid:border-destructive inline-flex w-full cursor-pointer appearance-none items-center rounded-md border text-sm shadow-xs transition-[color,box-shadow] outline-none focus-visible:ring-[3px] disabled:pointer-events-none disabled:cursor-not-allowed disabled:opacity-50 h-9 ps-3 pe-8"
        data-slot="select-native"
        id="_r_0_"
      >
        <option
          value="light"
        >
          lightTheme
        </option>
        <option
          value="dark"
        >
          darkTheme
        </option>
      </select>
      <span
        class="text-muted-foreground/80 peer-aria-invalid:text-destructive/80 pointer-events-none absolute inset-y-0 end-0 flex h-full w-9 items-center justify-center peer-disabled:opacity-50"
      >
        <svg
          aria-hidden="true"
          class="lucide lucide-chevron-down"
          fill="none"
          height="16"
          stroke="currentColor"
          stroke-linecap="round"
          stroke-linejoin="round"
          stroke-width="2"
          viewBox="0 0 24 24"
          width="16"
          xmlns="http://www.w3.org/2000/svg"
        >
          <path
            d="m6 9 6 6 6-6"
          />
        </svg>
      </span>
    </div>
  </div>
</div>
`;

exports[`ThemeSwitcher stories snapshot > DesktopLayout story renders and matches snapshot 1`] = `
<div>
  <div
    class="*:not-first:mt-2"
  >
    <div
      class="relative flex"
    >
      <select
        aria-label="ariaLabel"
        class="peer border-input text-foreground focus-visible:border-ring focus-visible:ring-ring/50 has-[option[disabled]:checked]:text-muted-foreground aria-invalid:ring-destructive/20 dark:aria-invalid:ring-destructive/40 aria-invalid:border-destructive inline-flex w-full cursor-pointer appearance-none items-center rounded-md border text-sm shadow-xs transition-[color,box-shadow] outline-none focus-visible:ring-[3px] disabled:pointer-events-none disabled:cursor-not-allowed disabled:opacity-50 h-9 ps-3 pe-8"
        data-slot="select-native"
        id="_r_3_"
      >
        <option
          value="light"
        >
          lightTheme
        </option>
        <option
          value="dark"
        >
          darkTheme
        </option>
      </select>
      <span
        class="text-muted-foreground/80 peer-aria-invalid:text-destructive/80 pointer-events-none absolute inset-y-0 end-0 flex h-full w-9 items-center justify-center peer-disabled:opacity-50"
      >
        <svg
          aria-hidden="true"
          class="lucide lucide-chevron-down"
          fill="none"
          height="16"
          stroke="currentColor"
          stroke-linecap="round"
          stroke-linejoin="round"
          stroke-width="2"
          viewBox="0 0 24 24"
          width="16"
          xmlns="http://www.w3.org/2000/svg"
        >
          <path
            d="m6 9 6 6 6-6"
          />
        </svg>
      </span>
    </div>
  </div>
</div>
`;

exports[`ThemeSwitcher stories snapshot > MobileLayout story renders and matches snapshot 1`] = `
<div>
  <div
    class="*:not-first:mt-2"
  >
    <div
      class="relative flex"
    >
      <select
        aria-label="ariaLabel"
        class="peer border-input text-foreground focus-visible:border-ring focus-visible:ring-ring/50 has-[option[disabled]:checked]:text-muted-foreground aria-invalid:ring-destructive/20 dark:aria-invalid:ring-destructive/40 aria-invalid:border-destructive inline-flex w-full cursor-pointer appearance-none items-center rounded-md border text-sm shadow-xs transition-[color,box-shadow] outline-none focus-visible:ring-[3px] disabled:pointer-events-none disabled:cursor-not-allowed disabled:opacity-50 h-9 ps-3 pe-8"
        data-slot="select-native"
        id="_r_2_"
      >
        <option
          value="light"
        >
          lightTheme
        </option>
        <option
          value="dark"
        >
          darkTheme
        </option>
      </select>
      <span
        class="text-muted-foreground/80 peer-aria-invalid:text-destructive/80 pointer-events-none absolute inset-y-0 end-0 flex h-full w-9 items-center justify-center peer-disabled:opacity-50"
      >
        <svg
          aria-hidden="true"
          class="lucide lucide-chevron-down"
          fill="none"
          height="16"
          stroke="currentColor"
          stroke-linecap="round"
          stroke-linejoin="round"
          stroke-width="2"
          viewBox="0 0 24 24"
          width="16"
          xmlns="http://www.w3.org/2000/svg"
        >
          <path
            d="m6 9 6 6 6-6"
          />
        </svg>
      </span>
    </div>
  </div>
</div>
`;

exports[`ThemeSwitcher stories snapshot > WithThemeChange story renders and matches snapshot 1`] = `
<div>
  <div
    class="*:not-first:mt-2"
  >
    <div
      class="relative flex"
    >
      <select
        aria-label="ariaLabel"
        class="peer border-input text-foreground focus-visible:border-ring focus-visible:ring-ring/50 has-[option[disabled]:checked]:text-muted-foreground aria-invalid:ring-destructive/20 dark:aria-invalid:ring-destructive/40 aria-invalid:border-destructive inline-flex w-full cursor-pointer appearance-none items-center rounded-md border text-sm shadow-xs transition-[color,box-shadow] outline-none focus-visible:ring-[3px] disabled:pointer-events-none disabled:cursor-not-allowed disabled:opacity-50 h-9 ps-3 pe-8"
        data-slot="select-native"
        id="_r_1_"
      >
        <option
          value="light"
        >
          lightTheme
        </option>
        <option
          value="dark"
        >
          darkTheme
        </option>
      </select>
      <span
        class="text-muted-foreground/80 peer-aria-invalid:text-destructive/80 pointer-events-none absolute inset-y-0 end-0 flex h-full w-9 items-center justify-center peer-disabled:opacity-50"
      >
        <svg
          aria-hidden="true"
          class="lucide lucide-chevron-down"
          fill="none"
          height="16"
          stroke="currentColor"
          stroke-linecap="round"
          stroke-linejoin="round"
          stroke-width="2"
          viewBox="0 0 24 24"
          width="16"
          xmlns="http://www.w3.org/2000/svg"
        >
          <path
            d="m6 9 6 6 6-6"
          />
        </svg>
      </span>
    </div>
  </div>
</div>
`;
