// Vitest Snapshot v1, https://vitest.dev/guide/snapshot.html

exports[`InventoryMessage stories snapshot > AllVariants story renders and matches snapshot 1`] = `
<div>
  <div
    class="p-8"
  >
    <div
      class="flex flex-wrap gap-4"
    >
      <div
        class="flex items-center gap-2"
      >
        <span
          class="h-2 w-2 shrink-0 rounded-[var(--radius)] bg-current text-[var(--inventory-in-stock)]"
        />
        <p
          class="text-sm font-medium text-[var(--inventory-in-stock)]"
        >
          In Stock (10 units) ready to be shipped
        </p>
      </div>
      <div
        class="flex items-center gap-2"
      >
        <span
          class="h-2 w-2 shrink-0 rounded-[var(--radius)] bg-current text-[var(--inventory-pre-order)]"
        />
        <p
          class="text-sm font-medium text-[var(--inventory-pre-order)]"
        >
          Available for pre-order
        </p>
      </div>
      <div
        class="flex items-center gap-2"
      >
        <span
          class="h-2 w-2 shrink-0 rounded-[var(--radius)] bg-current text-[var(--inventory-back-order)]"
        />
        <p
          class="text-sm font-medium text-[var(--inventory-back-order)]"
        >
          Available for back order
        </p>
      </div>
      <div
        class="flex items-center gap-2"
      >
        <span
          class="h-2 w-2 shrink-0 rounded-[var(--radius)] bg-current text-[var(--inventory-out-of-stock)]"
        />
        <p
          class="text-sm font-medium text-[var(--inventory-out-of-stock)]"
        >
          Out of stock
        </p>
      </div>
      <div
        class="flex items-center gap-2"
      >
        <span
          class="h-2 w-2 shrink-0 rounded-[var(--radius)] bg-current text-muted-foreground"
        />
        <p
          class="text-sm font-medium text-muted-foreground"
        >
          Inventory unavailable
        </p>
      </div>
    </div>
  </div>
</div>
`;
