// Vitest Snapshot v1, https://vitest.dev/guide/snapshot.html

exports[`Hero stories snapshot > Default story renders and matches snapshot 1`] = `
<div>
  <div
    class="relative w-full h-full min-h-[500px] max-h-[70vh] overflow-hidden"
  >
    <img
      alt="Hero background"
      class="w-full h-full object-cover"
      fetchpriority="high"
      src="https://via.placeholder.com/1920x1080"
    />
    <div
      class="absolute inset-0 z-10 flex items-center"
    >
      <div
        class="container mx-auto px-4 sm:px-6 lg:px-8"
      >
        <div
          class="max-w-2xl"
        >
          <h1
            class="text-3xl font-bold text-foreground mb-6 leading-none tracking-tight"
          >
            Welcome to Our Store
          </h1>
          <p
            class="text-lg font-normal text-muted-foreground mb-8 leading-none tracking-wide"
          >
            Discover amazing products for your everyday needs
          </p>
          <a
            class="inline-flex items-center justify-center gap-2 whitespace-nowrap rounded-md font-medium transition-all cursor-pointer disabled:pointer-events-none disabled:opacity-50 [&_svg]:pointer-events-none [&_svg:not([class*='size-'])]:size-4 shrink-0 [&_svg]:shrink-0 outline-none focus-visible:border-ring focus-visible:ring-ring/50 focus-visible:ring-[3px] aria-invalid:ring-destructive/20 dark:aria-invalid:ring-destructive/40 aria-invalid:border-destructive bg-primary text-primary-foreground shadow-xs hover:bg-primary/90 h-9 has-[>svg]:px-3 text-xl p-6"
            data-slot="button"
            href="/category/all"
          >
            Shop Now
          </a>
        </div>
      </div>
    </div>
  </div>
</div>
`;

exports[`Hero stories snapshot > WithoutSubtitle story renders and matches snapshot 1`] = `
<div>
  <div
    class="relative w-full h-full min-h-[500px] max-h-[70vh] overflow-hidden"
  >
    <img
      alt="Hero background"
      class="w-full h-full object-cover"
      fetchpriority="high"
      src="https://via.placeholder.com/1920x1080"
    />
    <div
      class="absolute inset-0 z-10 flex items-center"
    >
      <div
        class="container mx-auto px-4 sm:px-6 lg:px-8"
      >
        <div
          class="max-w-2xl"
        >
          <h1
            class="text-3xl font-bold text-foreground mb-6 leading-none tracking-tight"
          >
            Simple Hero
          </h1>
          <a
            class="inline-flex items-center justify-center gap-2 whitespace-nowrap rounded-md font-medium transition-all cursor-pointer disabled:pointer-events-none disabled:opacity-50 [&_svg]:pointer-events-none [&_svg:not([class*='size-'])]:size-4 shrink-0 [&_svg]:shrink-0 outline-none focus-visible:border-ring focus-visible:ring-ring/50 focus-visible:ring-[3px] aria-invalid:ring-destructive/20 dark:aria-invalid:ring-destructive/40 aria-invalid:border-destructive bg-primary text-primary-foreground shadow-xs hover:bg-primary/90 h-9 has-[>svg]:px-3 text-xl p-6"
            data-slot="button"
            href="/explore"
          >
            Explore
          </a>
        </div>
      </div>
    </div>
  </div>
</div>
`;
