// Vitest Snapshot v1, https://vitest.dev/guide/snapshot.html

exports[`Form stories snapshot > ContactForm story renders and matches snapshot 1`] = `
<div>
  <form
    autocomplete="off"
    class="space-y-4 max-w-md"
  >
    <div
      class="grid gap-2"
      data-slot="form-item"
    >
      <label
        class="flex items-center gap-2 text-sm leading-none font-medium select-none group-data-[disabled=true]:pointer-events-none group-data-[disabled=true]:opacity-50 peer-disabled:cursor-not-allowed peer-disabled:opacity-50 data-[error=true]:text-destructive"
        data-error="false"
        data-slot="form-label"
        for="_r_a_-form-item"
      >
        Name
      </label>
      <input
        aria-describedby="_r_a_-form-item-description"
        autocomplete="off"
        class="file:text-foreground placeholder:text-muted-foreground selection:bg-primary selection:text-primary-foreground dark:bg-input/30 border-input flex h-9 w-full min-w-0 rounded-md border bg-transparent px-3 py-1 text-base shadow-xs transition-[color,box-shadow] outline-none file:inline-flex file:h-7 file:border-0 file:bg-transparent file:text-sm file:font-medium disabled:pointer-events-none disabled:cursor-not-allowed disabled:opacity-50 md:text-sm focus-visible:border-ring focus-visible:ring-ring/50 focus-visible:ring-[3px] aria-invalid:ring-destructive/20 dark:aria-invalid:ring-destructive/40 aria-invalid:border-destructive"
        data-slot="form-control"
        id="_r_a_-form-item"
        name="name"
        placeholder="Your name"
        value=""
      />
    </div>
    <div
      class="grid gap-2"
      data-slot="form-item"
    >
      <label
        class="flex items-center gap-2 text-sm leading-none font-medium select-none group-data-[disabled=true]:pointer-events-none group-data-[disabled=true]:opacity-50 peer-disabled:cursor-not-allowed peer-disabled:opacity-50 data-[error=true]:text-destructive"
        data-error="false"
        data-slot="form-label"
        for="_r_b_-form-item"
      >
        Email
      </label>
      <input
        aria-describedby="_r_b_-form-item-description"
        autocomplete="off"
        class="file:text-foreground placeholder:text-muted-foreground selection:bg-primary selection:text-primary-foreground dark:bg-input/30 border-input flex h-9 w-full min-w-0 rounded-md border bg-transparent px-3 py-1 text-base shadow-xs transition-[color,box-shadow] outline-none file:inline-flex file:h-7 file:border-0 file:bg-transparent file:text-sm file:font-medium disabled:pointer-events-none disabled:cursor-not-allowed disabled:opacity-50 md:text-sm focus-visible:border-ring focus-visible:ring-ring/50 focus-visible:ring-[3px] aria-invalid:ring-destructive/20 dark:aria-invalid:ring-destructive/40 aria-invalid:border-destructive"
        data-slot="form-control"
        id="_r_b_-form-item"
        name="email"
        placeholder="your@email.com"
        type="email"
        value=""
      />
    </div>
    <div
      class="grid gap-2"
      data-slot="form-item"
    >
      <label
        class="flex items-center gap-2 text-sm leading-none font-medium select-none group-data-[disabled=true]:pointer-events-none group-data-[disabled=true]:opacity-50 peer-disabled:cursor-not-allowed peer-disabled:opacity-50 data-[error=true]:text-destructive"
        data-error="false"
        data-slot="form-label"
        for="_r_c_-form-item"
      >
        Subject
      </label>
      <input
        aria-describedby="_r_c_-form-item-description"
        autocomplete="off"
        class="file:text-foreground placeholder:text-muted-foreground selection:bg-primary selection:text-primary-foreground dark:bg-input/30 border-input flex h-9 w-full min-w-0 rounded-md border bg-transparent px-3 py-1 text-base shadow-xs transition-[color,box-shadow] outline-none file:inline-flex file:h-7 file:border-0 file:bg-transparent file:text-sm file:font-medium disabled:pointer-events-none disabled:cursor-not-allowed disabled:opacity-50 md:text-sm focus-visible:border-ring focus-visible:ring-ring/50 focus-visible:ring-[3px] aria-invalid:ring-destructive/20 dark:aria-invalid:ring-destructive/40 aria-invalid:border-destructive"
        data-slot="form-control"
        id="_r_c_-form-item"
        name="subject"
        placeholder="Subject"
        value=""
      />
    </div>
    <div
      class="grid gap-2"
      data-slot="form-item"
    >
      <label
        class="flex items-center gap-2 text-sm leading-none font-medium select-none group-data-[disabled=true]:pointer-events-none group-data-[disabled=true]:opacity-50 peer-disabled:cursor-not-allowed peer-disabled:opacity-50 data-[error=true]:text-destructive"
        data-error="false"
        data-slot="form-label"
        for="_r_d_-form-item"
      >
        Message
      </label>
      <textarea
        aria-describedby="_r_d_-form-item-description"
        autocomplete="off"
        class="flex min-h-[80px] w-full rounded-md border border-input bg-background px-3 py-2 text-sm ring-offset-background placeholder:text-muted-foreground focus-visible:outline-none focus-visible:ring-2 focus-visible:ring-ring focus-visible:ring-offset-2 disabled:cursor-not-allowed disabled:opacity-50"
        data-slot="form-control"
        id="_r_d_-form-item"
        name="message"
        placeholder="Your message"
      />
    </div>
    <button
      class="inline-flex items-center justify-center gap-2 whitespace-nowrap rounded-md text-sm font-medium transition-all cursor-pointer disabled:pointer-events-none disabled:opacity-50 [&_svg]:pointer-events-none [&_svg:not([class*='size-'])]:size-4 shrink-0 [&_svg]:shrink-0 outline-none focus-visible:border-ring focus-visible:ring-ring/50 focus-visible:ring-[3px] aria-invalid:ring-destructive/20 dark:aria-invalid:ring-destructive/40 aria-invalid:border-destructive bg-primary text-primary-foreground shadow-xs hover:bg-primary/90 h-9 px-4 py-2 has-[>svg]:px-3 w-full"
      data-slot="button"
      type="submit"
    >
      Send Message
    </button>
  </form>
</div>
`;

exports[`Form stories snapshot > Default story renders and matches snapshot 1`] = `
<div>
  <form
    autocomplete="off"
    class="space-y-6 max-w-md"
  >
    <div
      class="grid gap-2"
      data-slot="form-item"
    >
      <label
        class="flex items-center gap-2 text-sm leading-none font-medium select-none group-data-[disabled=true]:pointer-events-none group-data-[disabled=true]:opacity-50 peer-disabled:cursor-not-allowed peer-disabled:opacity-50 data-[error=true]:text-destructive"
        data-error="false"
        data-slot="form-label"
        for="_r_0_-form-item"
      >
        Username
      </label>
      <input
        aria-describedby="_r_0_-form-item-description"
        autocomplete="off"
        class="file:text-foreground placeholder:text-muted-foreground selection:bg-primary selection:text-primary-foreground dark:bg-input/30 border-input flex h-9 w-full min-w-0 rounded-md border bg-transparent px-3 py-1 text-base shadow-xs transition-[color,box-shadow] outline-none file:inline-flex file:h-7 file:border-0 file:bg-transparent file:text-sm file:font-medium disabled:pointer-events-none disabled:cursor-not-allowed disabled:opacity-50 md:text-sm focus-visible:border-ring focus-visible:ring-ring/50 focus-visible:ring-[3px] aria-invalid:ring-destructive/20 dark:aria-invalid:ring-destructive/40 aria-invalid:border-destructive"
        data-slot="form-control"
        id="_r_0_-form-item"
        name="username"
        placeholder="Enter your username"
        value=""
      />
      <p
        class="text-muted-foreground text-sm"
        data-slot="form-description"
        id="_r_0_-form-item-description"
      >
        This is your public display name.
      </p>
    </div>
    <div
      class="grid gap-2"
      data-slot="form-item"
    >
      <label
        class="flex items-center gap-2 text-sm leading-none font-medium select-none group-data-[disabled=true]:pointer-events-none group-data-[disabled=true]:opacity-50 peer-disabled:cursor-not-allowed peer-disabled:opacity-50 data-[error=true]:text-destructive"
        data-error="false"
        data-slot="form-label"
        for="_r_1_-form-item"
      >
        Email
      </label>
      <input
        aria-describedby="_r_1_-form-item-description"
        autocomplete="off"
        class="file:text-foreground placeholder:text-muted-foreground selection:bg-primary selection:text-primary-foreground dark:bg-input/30 border-input flex h-9 w-full min-w-0 rounded-md border bg-transparent px-3 py-1 text-base shadow-xs transition-[color,box-shadow] outline-none file:inline-flex file:h-7 file:border-0 file:bg-transparent file:text-sm file:font-medium disabled:pointer-events-none disabled:cursor-not-allowed disabled:opacity-50 md:text-sm focus-visible:border-ring focus-visible:ring-ring/50 focus-visible:ring-[3px] aria-invalid:ring-destructive/20 dark:aria-invalid:ring-destructive/40 aria-invalid:border-destructive"
        data-slot="form-control"
        id="_r_1_-form-item"
        name="email"
        placeholder="Enter your email"
        type="email"
        value=""
      />
      <p
        class="text-muted-foreground text-sm"
        data-slot="form-description"
        id="_r_1_-form-item-description"
      >
        We'll never share your email with anyone else.
      </p>
    </div>
    <div
      class="grid gap-2"
      data-slot="form-item"
    >
      <label
        class="flex items-center gap-2 text-sm leading-none font-medium select-none group-data-[disabled=true]:pointer-events-none group-data-[disabled=true]:opacity-50 peer-disabled:cursor-not-allowed peer-disabled:opacity-50 data-[error=true]:text-destructive"
        data-error="false"
        data-slot="form-label"
        for="_r_2_-form-item"
      >
        Password
      </label>
      <input
        aria-describedby="_r_2_-form-item-description"
        autocomplete="off"
        class="file:text-foreground placeholder:text-muted-foreground selection:bg-primary selection:text-primary-foreground dark:bg-input/30 border-input flex h-9 w-full min-w-0 rounded-md border bg-transparent px-3 py-1 text-base shadow-xs transition-[color,box-shadow] outline-none file:inline-flex file:h-7 file:border-0 file:bg-transparent file:text-sm file:font-medium disabled:pointer-events-none disabled:cursor-not-allowed disabled:opacity-50 md:text-sm focus-visible:border-ring focus-visible:ring-ring/50 focus-visible:ring-[3px] aria-invalid:ring-destructive/20 dark:aria-invalid:ring-destructive/40 aria-invalid:border-destructive"
        data-slot="form-control"
        id="_r_2_-form-item"
        name="password"
        placeholder="Enter your password"
        type="password"
        value=""
      />
      <p
        class="text-muted-foreground text-sm"
        data-slot="form-description"
        id="_r_2_-form-item-description"
      >
        Must be at least 8 characters long.
      </p>
    </div>
    <div
      class="grid gap-2"
      data-slot="form-item"
    >
      <label
        class="flex items-center gap-2 text-sm leading-none font-medium select-none group-data-[disabled=true]:pointer-events-none group-data-[disabled=true]:opacity-50 peer-disabled:cursor-not-allowed peer-disabled:opacity-50 data-[error=true]:text-destructive"
        data-error="false"
        data-slot="form-label"
        for="_r_3_-form-item"
      >
        Confirm Password
      </label>
      <input
        aria-describedby="_r_3_-form-item-description"
        autocomplete="off"
        class="file:text-foreground placeholder:text-muted-foreground selection:bg-primary selection:text-primary-foreground dark:bg-input/30 border-input flex h-9 w-full min-w-0 rounded-md border bg-transparent px-3 py-1 text-base shadow-xs transition-[color,box-shadow] outline-none file:inline-flex file:h-7 file:border-0 file:bg-transparent file:text-sm file:font-medium disabled:pointer-events-none disabled:cursor-not-allowed disabled:opacity-50 md:text-sm focus-visible:border-ring focus-visible:ring-ring/50 focus-visible:ring-[3px] aria-invalid:ring-destructive/20 dark:aria-invalid:ring-destructive/40 aria-invalid:border-destructive"
        data-slot="form-control"
        id="_r_3_-form-item"
        name="confirmPassword"
        placeholder="Confirm your password"
        type="password"
        value=""
      />
    </div>
    <div
      class="gap-2 flex flex-row items-start space-x-3 space-y-0"
      data-slot="form-item"
    >
      <input
        aria-describedby="_r_4_-form-item-description"
        class="mt-1"
        data-slot="form-control"
        id="_r_4_-form-item"
        type="checkbox"
      />
      <div
        class="space-y-1 leading-none"
      >
        <label
          class="flex items-center gap-2 text-sm leading-none font-medium select-none group-data-[disabled=true]:pointer-events-none group-data-[disabled=true]:opacity-50 peer-disabled:cursor-not-allowed peer-disabled:opacity-50 data-[error=true]:text-destructive"
          data-error="false"
          data-slot="form-label"
          for="_r_4_-form-item"
        >
          Accept terms and conditions
        </label>
        <p
          class="text-muted-foreground text-sm"
          data-slot="form-description"
          id="_r_4_-form-item-description"
        >
          You agree to our Terms of Service and Privacy Policy.
        </p>
      </div>
    </div>
    <button
      class="inline-flex items-center justify-center gap-2 whitespace-nowrap rounded-md text-sm font-medium transition-all cursor-pointer disabled:pointer-events-none disabled:opacity-50 [&_svg]:pointer-events-none [&_svg:not([class*='size-'])]:size-4 shrink-0 [&_svg]:shrink-0 outline-none focus-visible:border-ring focus-visible:ring-ring/50 focus-visible:ring-[3px] aria-invalid:ring-destructive/20 dark:aria-invalid:ring-destructive/40 aria-invalid:border-destructive bg-primary text-primary-foreground shadow-xs hover:bg-primary/90 h-9 px-4 py-2 has-[>svg]:px-3 w-full"
      data-slot="button"
      type="submit"
    >
      Submit
    </button>
  </form>
</div>
`;

exports[`Form stories snapshot > Desktop story renders and matches snapshot 1`] = `
<div>
  <form
    autocomplete="off"
    class="space-y-6 max-w-md"
  >
    <div
      class="grid gap-2"
      data-slot="form-item"
    >
      <label
        class="flex items-center gap-2 text-sm leading-none font-medium select-none group-data-[disabled=true]:pointer-events-none group-data-[disabled=true]:opacity-50 peer-disabled:cursor-not-allowed peer-disabled:opacity-50 data-[error=true]:text-destructive"
        data-error="false"
        data-slot="form-label"
        for="_r_o_-form-item"
      >
        Username
      </label>
      <input
        aria-describedby="_r_o_-form-item-description"
        autocomplete="off"
        class="file:text-foreground placeholder:text-muted-foreground selection:bg-primary selection:text-primary-foreground dark:bg-input/30 border-input flex h-9 w-full min-w-0 rounded-md border bg-transparent px-3 py-1 text-base shadow-xs transition-[color,box-shadow] outline-none file:inline-flex file:h-7 file:border-0 file:bg-transparent file:text-sm file:font-medium disabled:pointer-events-none disabled:cursor-not-allowed disabled:opacity-50 md:text-sm focus-visible:border-ring focus-visible:ring-ring/50 focus-visible:ring-[3px] aria-invalid:ring-destructive/20 dark:aria-invalid:ring-destructive/40 aria-invalid:border-destructive"
        data-slot="form-control"
        id="_r_o_-form-item"
        name="username"
        placeholder="Enter your username"
        value=""
      />
      <p
        class="text-muted-foreground text-sm"
        data-slot="form-description"
        id="_r_o_-form-item-description"
      >
        This is your public display name.
      </p>
    </div>
    <div
      class="grid gap-2"
      data-slot="form-item"
    >
      <label
        class="flex items-center gap-2 text-sm leading-none font-medium select-none group-data-[disabled=true]:pointer-events-none group-data-[disabled=true]:opacity-50 peer-disabled:cursor-not-allowed peer-disabled:opacity-50 data-[error=true]:text-destructive"
        data-error="false"
        data-slot="form-label"
        for="_r_p_-form-item"
      >
        Email
      </label>
      <input
        aria-describedby="_r_p_-form-item-description"
        autocomplete="off"
        class="file:text-foreground placeholder:text-muted-foreground selection:bg-primary selection:text-primary-foreground dark:bg-input/30 border-input flex h-9 w-full min-w-0 rounded-md border bg-transparent px-3 py-1 text-base shadow-xs transition-[color,box-shadow] outline-none file:inline-flex file:h-7 file:border-0 file:bg-transparent file:text-sm file:font-medium disabled:pointer-events-none disabled:cursor-not-allowed disabled:opacity-50 md:text-sm focus-visible:border-ring focus-visible:ring-ring/50 focus-visible:ring-[3px] aria-invalid:ring-destructive/20 dark:aria-invalid:ring-destructive/40 aria-invalid:border-destructive"
        data-slot="form-control"
        id="_r_p_-form-item"
        name="email"
        placeholder="Enter your email"
        type="email"
        value=""
      />
      <p
        class="text-muted-foreground text-sm"
        data-slot="form-description"
        id="_r_p_-form-item-description"
      >
        We'll never share your email with anyone else.
      </p>
    </div>
    <div
      class="grid gap-2"
      data-slot="form-item"
    >
      <label
        class="flex items-center gap-2 text-sm leading-none font-medium select-none group-data-[disabled=true]:pointer-events-none group-data-[disabled=true]:opacity-50 peer-disabled:cursor-not-allowed peer-disabled:opacity-50 data-[error=true]:text-destructive"
        data-error="false"
        data-slot="form-label"
        for="_r_q_-form-item"
      >
        Password
      </label>
      <input
        aria-describedby="_r_q_-form-item-description"
        autocomplete="off"
        class="file:text-foreground placeholder:text-muted-foreground selection:bg-primary selection:text-primary-foreground dark:bg-input/30 border-input flex h-9 w-full min-w-0 rounded-md border bg-transparent px-3 py-1 text-base shadow-xs transition-[color,box-shadow] outline-none file:inline-flex file:h-7 file:border-0 file:bg-transparent file:text-sm file:font-medium disabled:pointer-events-none disabled:cursor-not-allowed disabled:opacity-50 md:text-sm focus-visible:border-ring focus-visible:ring-ring/50 focus-visible:ring-[3px] aria-invalid:ring-destructive/20 dark:aria-invalid:ring-destructive/40 aria-invalid:border-destructive"
        data-slot="form-control"
        id="_r_q_-form-item"
        name="password"
        placeholder="Enter your password"
        type="password"
        value=""
      />
      <p
        class="text-muted-foreground text-sm"
        data-slot="form-description"
        id="_r_q_-form-item-description"
      >
        Must be at least 8 characters long.
      </p>
    </div>
    <div
      class="grid gap-2"
      data-slot="form-item"
    >
      <label
        class="flex items-center gap-2 text-sm leading-none font-medium select-none group-data-[disabled=true]:pointer-events-none group-data-[disabled=true]:opacity-50 peer-disabled:cursor-not-allowed peer-disabled:opacity-50 data-[error=true]:text-destructive"
        data-error="false"
        data-slot="form-label"
        for="_r_r_-form-item"
      >
        Confirm Password
      </label>
      <input
        aria-describedby="_r_r_-form-item-description"
        autocomplete="off"
        class="file:text-foreground placeholder:text-muted-foreground selection:bg-primary selection:text-primary-foreground dark:bg-input/30 border-input flex h-9 w-full min-w-0 rounded-md border bg-transparent px-3 py-1 text-base shadow-xs transition-[color,box-shadow] outline-none file:inline-flex file:h-7 file:border-0 file:bg-transparent file:text-sm file:font-medium disabled:pointer-events-none disabled:cursor-not-allowed disabled:opacity-50 md:text-sm focus-visible:border-ring focus-visible:ring-ring/50 focus-visible:ring-[3px] aria-invalid:ring-destructive/20 dark:aria-invalid:ring-destructive/40 aria-invalid:border-destructive"
        data-slot="form-control"
        id="_r_r_-form-item"
        name="confirmPassword"
        placeholder="Confirm your password"
        type="password"
        value=""
      />
    </div>
    <div
      class="gap-2 flex flex-row items-start space-x-3 space-y-0"
      data-slot="form-item"
    >
      <input
        aria-describedby="_r_s_-form-item-description"
        class="mt-1"
        data-slot="form-control"
        id="_r_s_-form-item"
        type="checkbox"
      />
      <div
        class="space-y-1 leading-none"
      >
        <label
          class="flex items-center gap-2 text-sm leading-none font-medium select-none group-data-[disabled=true]:pointer-events-none group-data-[disabled=true]:opacity-50 peer-disabled:cursor-not-allowed peer-disabled:opacity-50 data-[error=true]:text-destructive"
          data-error="false"
          data-slot="form-label"
          for="_r_s_-form-item"
        >
          Accept terms and conditions
        </label>
        <p
          class="text-muted-foreground text-sm"
          data-slot="form-description"
          id="_r_s_-form-item-description"
        >
          You agree to our Terms of Service and Privacy Policy.
        </p>
      </div>
    </div>
    <button
      class="inline-flex items-center justify-center gap-2 whitespace-nowrap rounded-md text-sm font-medium transition-all cursor-pointer disabled:pointer-events-none disabled:opacity-50 [&_svg]:pointer-events-none [&_svg:not([class*='size-'])]:size-4 shrink-0 [&_svg]:shrink-0 outline-none focus-visible:border-ring focus-visible:ring-ring/50 focus-visible:ring-[3px] aria-invalid:ring-destructive/20 dark:aria-invalid:ring-destructive/40 aria-invalid:border-destructive bg-primary text-primary-foreground shadow-xs hover:bg-primary/90 h-9 px-4 py-2 has-[>svg]:px-3 w-full"
      data-slot="button"
      type="submit"
    >
      Submit
    </button>
  </form>
</div>
`;

exports[`Form stories snapshot > LoginForm story renders and matches snapshot 1`] = `
<div>
  <form
    autocomplete="off"
    class="space-y-4 max-w-md"
  >
    <div
      class="grid gap-2"
      data-slot="form-item"
    >
      <label
        class="flex items-center gap-2 text-sm leading-none font-medium select-none group-data-[disabled=true]:pointer-events-none group-data-[disabled=true]:opacity-50 peer-disabled:cursor-not-allowed peer-disabled:opacity-50 data-[error=true]:text-destructive"
        data-error="false"
        data-slot="form-label"
        for="_r_7_-form-item"
      >
        Email
      </label>
      <input
        aria-describedby="_r_7_-form-item-description"
        autocomplete="off"
        class="file:text-foreground placeholder:text-muted-foreground selection:bg-primary selection:text-primary-foreground dark:bg-input/30 border-input flex h-9 w-full min-w-0 rounded-md border bg-transparent px-3 py-1 text-base shadow-xs transition-[color,box-shadow] outline-none file:inline-flex file:h-7 file:border-0 file:bg-transparent file:text-sm file:font-medium disabled:pointer-events-none disabled:cursor-not-allowed disabled:opacity-50 md:text-sm focus-visible:border-ring focus-visible:ring-ring/50 focus-visible:ring-[3px] aria-invalid:ring-destructive/20 dark:aria-invalid:ring-destructive/40 aria-invalid:border-destructive"
        data-slot="form-control"
        id="_r_7_-form-item"
        name="email"
        placeholder="Enter your email"
        type="email"
        value=""
      />
    </div>
    <div
      class="grid gap-2"
      data-slot="form-item"
    >
      <label
        class="flex items-center gap-2 text-sm leading-none font-medium select-none group-data-[disabled=true]:pointer-events-none group-data-[disabled=true]:opacity-50 peer-disabled:cursor-not-allowed peer-disabled:opacity-50 data-[error=true]:text-destructive"
        data-error="false"
        data-slot="form-label"
        for="_r_8_-form-item"
      >
        Password
      </label>
      <input
        aria-describedby="_r_8_-form-item-description"
        autocomplete="off"
        class="file:text-foreground placeholder:text-muted-foreground selection:bg-primary selection:text-primary-foreground dark:bg-input/30 border-input flex h-9 w-full min-w-0 rounded-md border bg-transparent px-3 py-1 text-base shadow-xs transition-[color,box-shadow] outline-none file:inline-flex file:h-7 file:border-0 file:bg-transparent file:text-sm file:font-medium disabled:pointer-events-none disabled:cursor-not-allowed disabled:opacity-50 md:text-sm focus-visible:border-ring focus-visible:ring-ring/50 focus-visible:ring-[3px] aria-invalid:ring-destructive/20 dark:aria-invalid:ring-destructive/40 aria-invalid:border-destructive"
        data-slot="form-control"
        id="_r_8_-form-item"
        name="password"
        placeholder="Enter your password"
        type="password"
        value=""
      />
    </div>
    <div
      class="gap-2 flex flex-row items-start space-x-3 space-y-0"
      data-slot="form-item"
    >
      <input
        aria-describedby="_r_9_-form-item-description"
        class="mt-1"
        data-slot="form-control"
        id="_r_9_-form-item"
        type="checkbox"
      />
      <div
        class="space-y-1 leading-none"
      >
        <label
          class="flex items-center gap-2 text-sm leading-none font-medium select-none group-data-[disabled=true]:pointer-events-none group-data-[disabled=true]:opacity-50 peer-disabled:cursor-not-allowed peer-disabled:opacity-50 data-[error=true]:text-destructive"
          data-error="false"
          data-slot="form-label"
          for="_r_9_-form-item"
        >
          Remember me
        </label>
      </div>
    </div>
    <button
      class="inline-flex items-center justify-center gap-2 whitespace-nowrap rounded-md text-sm font-medium transition-all cursor-pointer disabled:pointer-events-none disabled:opacity-50 [&_svg]:pointer-events-none [&_svg:not([class*='size-'])]:size-4 shrink-0 [&_svg]:shrink-0 outline-none focus-visible:border-ring focus-visible:ring-ring/50 focus-visible:ring-[3px] aria-invalid:ring-destructive/20 dark:aria-invalid:ring-destructive/40 aria-invalid:border-destructive bg-primary text-primary-foreground shadow-xs hover:bg-primary/90 h-9 px-4 py-2 has-[>svg]:px-3 w-full"
      data-slot="button"
      type="submit"
    >
      Sign In
    </button>
  </form>
</div>
`;

exports[`Form stories snapshot > Mobile story renders and matches snapshot 1`] = `
<div>
  <form
    autocomplete="off"
    class="space-y-6 max-w-md"
  >
    <div
      class="grid gap-2"
      data-slot="form-item"
    >
      <label
        class="flex items-center gap-2 text-sm leading-none font-medium select-none group-data-[disabled=true]:pointer-events-none group-data-[disabled=true]:opacity-50 peer-disabled:cursor-not-allowed peer-disabled:opacity-50 data-[error=true]:text-destructive"
        data-error="false"
        data-slot="form-label"
        for="_r_e_-form-item"
      >
        Username
      </label>
      <input
        aria-describedby="_r_e_-form-item-description"
        autocomplete="off"
        class="file:text-foreground placeholder:text-muted-foreground selection:bg-primary selection:text-primary-foreground dark:bg-input/30 border-input flex h-9 w-full min-w-0 rounded-md border bg-transparent px-3 py-1 text-base shadow-xs transition-[color,box-shadow] outline-none file:inline-flex file:h-7 file:border-0 file:bg-transparent file:text-sm file:font-medium disabled:pointer-events-none disabled:cursor-not-allowed disabled:opacity-50 md:text-sm focus-visible:border-ring focus-visible:ring-ring/50 focus-visible:ring-[3px] aria-invalid:ring-destructive/20 dark:aria-invalid:ring-destructive/40 aria-invalid:border-destructive"
        data-slot="form-control"
        id="_r_e_-form-item"
        name="username"
        placeholder="Enter your username"
        value=""
      />
      <p
        class="text-muted-foreground text-sm"
        data-slot="form-description"
        id="_r_e_-form-item-description"
      >
        This is your public display name.
      </p>
    </div>
    <div
      class="grid gap-2"
      data-slot="form-item"
    >
      <label
        class="flex items-center gap-2 text-sm leading-none font-medium select-none group-data-[disabled=true]:pointer-events-none group-data-[disabled=true]:opacity-50 peer-disabled:cursor-not-allowed peer-disabled:opacity-50 data-[error=true]:text-destructive"
        data-error="false"
        data-slot="form-label"
        for="_r_f_-form-item"
      >
        Email
      </label>
      <input
        aria-describedby="_r_f_-form-item-description"
        autocomplete="off"
        class="file:text-foreground placeholder:text-muted-foreground selection:bg-primary selection:text-primary-foreground dark:bg-input/30 border-input flex h-9 w-full min-w-0 rounded-md border bg-transparent px-3 py-1 text-base shadow-xs transition-[color,box-shadow] outline-none file:inline-flex file:h-7 file:border-0 file:bg-transparent file:text-sm file:font-medium disabled:pointer-events-none disabled:cursor-not-allowed disabled:opacity-50 md:text-sm focus-visible:border-ring focus-visible:ring-ring/50 focus-visible:ring-[3px] aria-invalid:ring-destructive/20 dark:aria-invalid:ring-destructive/40 aria-invalid:border-destructive"
        data-slot="form-control"
        id="_r_f_-form-item"
        name="email"
        placeholder="Enter your email"
        type="email"
        value=""
      />
      <p
        class="text-muted-foreground text-sm"
        data-slot="form-description"
        id="_r_f_-form-item-description"
      >
        We'll never share your email with anyone else.
      </p>
    </div>
    <div
      class="grid gap-2"
      data-slot="form-item"
    >
      <label
        class="flex items-center gap-2 text-sm leading-none font-medium select-none group-data-[disabled=true]:pointer-events-none group-data-[disabled=true]:opacity-50 peer-disabled:cursor-not-allowed peer-disabled:opacity-50 data-[error=true]:text-destructive"
        data-error="false"
        data-slot="form-label"
        for="_r_g_-form-item"
      >
        Password
      </label>
      <input
        aria-describedby="_r_g_-form-item-description"
        autocomplete="off"
        class="file:text-foreground placeholder:text-muted-foreground selection:bg-primary selection:text-primary-foreground dark:bg-input/30 border-input flex h-9 w-full min-w-0 rounded-md border bg-transparent px-3 py-1 text-base shadow-xs transition-[color,box-shadow] outline-none file:inline-flex file:h-7 file:border-0 file:bg-transparent file:text-sm file:font-medium disabled:pointer-events-none disabled:cursor-not-allowed disabled:opacity-50 md:text-sm focus-visible:border-ring focus-visible:ring-ring/50 focus-visible:ring-[3px] aria-invalid:ring-destructive/20 dark:aria-invalid:ring-destructive/40 aria-invalid:border-destructive"
        data-slot="form-control"
        id="_r_g_-form-item"
        name="password"
        placeholder="Enter your password"
        type="password"
        value=""
      />
      <p
        class="text-muted-foreground text-sm"
        data-slot="form-description"
        id="_r_g_-form-item-description"
      >
        Must be at least 8 characters long.
      </p>
    </div>
    <div
      class="grid gap-2"
      data-slot="form-item"
    >
      <label
        class="flex items-center gap-2 text-sm leading-none font-medium select-none group-data-[disabled=true]:pointer-events-none group-data-[disabled=true]:opacity-50 peer-disabled:cursor-not-allowed peer-disabled:opacity-50 data-[error=true]:text-destructive"
        data-error="false"
        data-slot="form-label"
        for="_r_h_-form-item"
      >
        Confirm Password
      </label>
      <input
        aria-describedby="_r_h_-form-item-description"
        autocomplete="off"
        class="file:text-foreground placeholder:text-muted-foreground selection:bg-primary selection:text-primary-foreground dark:bg-input/30 border-input flex h-9 w-full min-w-0 rounded-md border bg-transparent px-3 py-1 text-base shadow-xs transition-[color,box-shadow] outline-none file:inline-flex file:h-7 file:border-0 file:bg-transparent file:text-sm file:font-medium disabled:pointer-events-none disabled:cursor-not-allowed disabled:opacity-50 md:text-sm focus-visible:border-ring focus-visible:ring-ring/50 focus-visible:ring-[3px] aria-invalid:ring-destructive/20 dark:aria-invalid:ring-destructive/40 aria-invalid:border-destructive"
        data-slot="form-control"
        id="_r_h_-form-item"
        name="confirmPassword"
        placeholder="Confirm your password"
        type="password"
        value=""
      />
    </div>
    <div
      class="gap-2 flex flex-row items-start space-x-3 space-y-0"
      data-slot="form-item"
    >
      <input
        aria-describedby="_r_i_-form-item-description"
        class="mt-1"
        data-slot="form-control"
        id="_r_i_-form-item"
        type="checkbox"
      />
      <div
        class="space-y-1 leading-none"
      >
        <label
          class="flex items-center gap-2 text-sm leading-none font-medium select-none group-data-[disabled=true]:pointer-events-none group-data-[disabled=true]:opacity-50 peer-disabled:cursor-not-allowed peer-disabled:opacity-50 data-[error=true]:text-destructive"
          data-error="false"
          data-slot="form-label"
          for="_r_i_-form-item"
        >
          Accept terms and conditions
        </label>
        <p
          class="text-muted-foreground text-sm"
          data-slot="form-description"
          id="_r_i_-form-item-description"
        >
          You agree to our Terms of Service and Privacy Policy.
        </p>
      </div>
    </div>
    <button
      class="inline-flex items-center justify-center gap-2 whitespace-nowrap rounded-md text-sm font-medium transition-all cursor-pointer disabled:pointer-events-none disabled:opacity-50 [&_svg]:pointer-events-none [&_svg:not([class*='size-'])]:size-4 shrink-0 [&_svg]:shrink-0 outline-none focus-visible:border-ring focus-visible:ring-ring/50 focus-visible:ring-[3px] aria-invalid:ring-destructive/20 dark:aria-invalid:ring-destructive/40 aria-invalid:border-destructive bg-primary text-primary-foreground shadow-xs hover:bg-primary/90 h-9 px-4 py-2 has-[>svg]:px-3 w-full"
      data-slot="button"
      type="submit"
    >
      Submit
    </button>
  </form>
</div>
`;

exports[`Form stories snapshot > SimpleForm story renders and matches snapshot 1`] = `
<div>
  <form
    autocomplete="off"
    class="space-y-4 max-w-md"
  >
    <div
      class="grid gap-2"
      data-slot="form-item"
    >
      <label
        class="flex items-center gap-2 text-sm leading-none font-medium select-none group-data-[disabled=true]:pointer-events-none group-data-[disabled=true]:opacity-50 peer-disabled:cursor-not-allowed peer-disabled:opacity-50 data-[error=true]:text-destructive"
        data-error="false"
        data-slot="form-label"
        for="_r_5_-form-item"
      >
        Name
      </label>
      <input
        aria-describedby="_r_5_-form-item-description"
        autocomplete="off"
        class="file:text-foreground placeholder:text-muted-foreground selection:bg-primary selection:text-primary-foreground dark:bg-input/30 border-input flex h-9 w-full min-w-0 rounded-md border bg-transparent px-3 py-1 text-base shadow-xs transition-[color,box-shadow] outline-none file:inline-flex file:h-7 file:border-0 file:bg-transparent file:text-sm file:font-medium disabled:pointer-events-none disabled:cursor-not-allowed disabled:opacity-50 md:text-sm focus-visible:border-ring focus-visible:ring-ring/50 focus-visible:ring-[3px] aria-invalid:ring-destructive/20 dark:aria-invalid:ring-destructive/40 aria-invalid:border-destructive"
        data-slot="form-control"
        id="_r_5_-form-item"
        name="name"
        placeholder="Enter your name"
        value=""
      />
    </div>
    <div
      class="grid gap-2"
      data-slot="form-item"
    >
      <label
        class="flex items-center gap-2 text-sm leading-none font-medium select-none group-data-[disabled=true]:pointer-events-none group-data-[disabled=true]:opacity-50 peer-disabled:cursor-not-allowed peer-disabled:opacity-50 data-[error=true]:text-destructive"
        data-error="false"
        data-slot="form-label"
        for="_r_6_-form-item"
      >
        Email
      </label>
      <input
        aria-describedby="_r_6_-form-item-description"
        autocomplete="off"
        class="file:text-foreground placeholder:text-muted-foreground selection:bg-primary selection:text-primary-foreground dark:bg-input/30 border-input flex h-9 w-full min-w-0 rounded-md border bg-transparent px-3 py-1 text-base shadow-xs transition-[color,box-shadow] outline-none file:inline-flex file:h-7 file:border-0 file:bg-transparent file:text-sm file:font-medium disabled:pointer-events-none disabled:cursor-not-allowed disabled:opacity-50 md:text-sm focus-visible:border-ring focus-visible:ring-ring/50 focus-visible:ring-[3px] aria-invalid:ring-destructive/20 dark:aria-invalid:ring-destructive/40 aria-invalid:border-destructive"
        data-slot="form-control"
        id="_r_6_-form-item"
        name="email"
        placeholder="Enter your email"
        type="email"
        value=""
      />
    </div>
    <button
      class="inline-flex items-center justify-center gap-2 whitespace-nowrap rounded-md text-sm font-medium transition-all cursor-pointer disabled:pointer-events-none disabled:opacity-50 [&_svg]:pointer-events-none [&_svg:not([class*='size-'])]:size-4 shrink-0 [&_svg]:shrink-0 outline-none focus-visible:border-ring focus-visible:ring-ring/50 focus-visible:ring-[3px] aria-invalid:ring-destructive/20 dark:aria-invalid:ring-destructive/40 aria-invalid:border-destructive bg-primary text-primary-foreground shadow-xs hover:bg-primary/90 h-9 px-4 py-2 has-[>svg]:px-3 w-full"
      data-slot="button"
      type="submit"
    >
      Submit
    </button>
  </form>
</div>
`;

exports[`Form stories snapshot > Tablet story renders and matches snapshot 1`] = `
<div>
  <form
    autocomplete="off"
    class="space-y-6 max-w-md"
  >
    <div
      class="grid gap-2"
      data-slot="form-item"
    >
      <label
        class="flex items-center gap-2 text-sm leading-none font-medium select-none group-data-[disabled=true]:pointer-events-none group-data-[disabled=true]:opacity-50 peer-disabled:cursor-not-allowed peer-disabled:opacity-50 data-[error=true]:text-destructive"
        data-error="false"
        data-slot="form-label"
        for="_r_j_-form-item"
      >
        Username
      </label>
      <input
        aria-describedby="_r_j_-form-item-description"
        autocomplete="off"
        class="file:text-foreground placeholder:text-muted-foreground selection:bg-primary selection:text-primary-foreground dark:bg-input/30 border-input flex h-9 w-full min-w-0 rounded-md border bg-transparent px-3 py-1 text-base shadow-xs transition-[color,box-shadow] outline-none file:inline-flex file:h-7 file:border-0 file:bg-transparent file:text-sm file:font-medium disabled:pointer-events-none disabled:cursor-not-allowed disabled:opacity-50 md:text-sm focus-visible:border-ring focus-visible:ring-ring/50 focus-visible:ring-[3px] aria-invalid:ring-destructive/20 dark:aria-invalid:ring-destructive/40 aria-invalid:border-destructive"
        data-slot="form-control"
        id="_r_j_-form-item"
        name="username"
        placeholder="Enter your username"
        value=""
      />
      <p
        class="text-muted-foreground text-sm"
        data-slot="form-description"
        id="_r_j_-form-item-description"
      >
        This is your public display name.
      </p>
    </div>
    <div
      class="grid gap-2"
      data-slot="form-item"
    >
      <label
        class="flex items-center gap-2 text-sm leading-none font-medium select-none group-data-[disabled=true]:pointer-events-none group-data-[disabled=true]:opacity-50 peer-disabled:cursor-not-allowed peer-disabled:opacity-50 data-[error=true]:text-destructive"
        data-error="false"
        data-slot="form-label"
        for="_r_k_-form-item"
      >
        Email
      </label>
      <input
        aria-describedby="_r_k_-form-item-description"
        autocomplete="off"
        class="file:text-foreground placeholder:text-muted-foreground selection:bg-primary selection:text-primary-foreground dark:bg-input/30 border-input flex h-9 w-full min-w-0 rounded-md border bg-transparent px-3 py-1 text-base shadow-xs transition-[color,box-shadow] outline-none file:inline-flex file:h-7 file:border-0 file:bg-transparent file:text-sm file:font-medium disabled:pointer-events-none disabled:cursor-not-allowed disabled:opacity-50 md:text-sm focus-visible:border-ring focus-visible:ring-ring/50 focus-visible:ring-[3px] aria-invalid:ring-destructive/20 dark:aria-invalid:ring-destructive/40 aria-invalid:border-destructive"
        data-slot="form-control"
        id="_r_k_-form-item"
        name="email"
        placeholder="Enter your email"
        type="email"
        value=""
      />
      <p
        class="text-muted-foreground text-sm"
        data-slot="form-description"
        id="_r_k_-form-item-description"
      >
        We'll never share your email with anyone else.
      </p>
    </div>
    <div
      class="grid gap-2"
      data-slot="form-item"
    >
      <label
        class="flex items-center gap-2 text-sm leading-none font-medium select-none group-data-[disabled=true]:pointer-events-none group-data-[disabled=true]:opacity-50 peer-disabled:cursor-not-allowed peer-disabled:opacity-50 data-[error=true]:text-destructive"
        data-error="false"
        data-slot="form-label"
        for="_r_l_-form-item"
      >
        Password
      </label>
      <input
        aria-describedby="_r_l_-form-item-description"
        autocomplete="off"
        class="file:text-foreground placeholder:text-muted-foreground selection:bg-primary selection:text-primary-foreground dark:bg-input/30 border-input flex h-9 w-full min-w-0 rounded-md border bg-transparent px-3 py-1 text-base shadow-xs transition-[color,box-shadow] outline-none file:inline-flex file:h-7 file:border-0 file:bg-transparent file:text-sm file:font-medium disabled:pointer-events-none disabled:cursor-not-allowed disabled:opacity-50 md:text-sm focus-visible:border-ring focus-visible:ring-ring/50 focus-visible:ring-[3px] aria-invalid:ring-destructive/20 dark:aria-invalid:ring-destructive/40 aria-invalid:border-destructive"
        data-slot="form-control"
        id="_r_l_-form-item"
        name="password"
        placeholder="Enter your password"
        type="password"
        value=""
      />
      <p
        class="text-muted-foreground text-sm"
        data-slot="form-description"
        id="_r_l_-form-item-description"
      >
        Must be at least 8 characters long.
      </p>
    </div>
    <div
      class="grid gap-2"
      data-slot="form-item"
    >
      <label
        class="flex items-center gap-2 text-sm leading-none font-medium select-none group-data-[disabled=true]:pointer-events-none group-data-[disabled=true]:opacity-50 peer-disabled:cursor-not-allowed peer-disabled:opacity-50 data-[error=true]:text-destructive"
        data-error="false"
        data-slot="form-label"
        for="_r_m_-form-item"
      >
        Confirm Password
      </label>
      <input
        aria-describedby="_r_m_-form-item-description"
        autocomplete="off"
        class="file:text-foreground placeholder:text-muted-foreground selection:bg-primary selection:text-primary-foreground dark:bg-input/30 border-input flex h-9 w-full min-w-0 rounded-md border bg-transparent px-3 py-1 text-base shadow-xs transition-[color,box-shadow] outline-none file:inline-flex file:h-7 file:border-0 file:bg-transparent file:text-sm file:font-medium disabled:pointer-events-none disabled:cursor-not-allowed disabled:opacity-50 md:text-sm focus-visible:border-ring focus-visible:ring-ring/50 focus-visible:ring-[3px] aria-invalid:ring-destructive/20 dark:aria-invalid:ring-destructive/40 aria-invalid:border-destructive"
        data-slot="form-control"
        id="_r_m_-form-item"
        name="confirmPassword"
        placeholder="Confirm your password"
        type="password"
        value=""
      />
    </div>
    <div
      class="gap-2 flex flex-row items-start space-x-3 space-y-0"
      data-slot="form-item"
    >
      <input
        aria-describedby="_r_n_-form-item-description"
        class="mt-1"
        data-slot="form-control"
        id="_r_n_-form-item"
        type="checkbox"
      />
      <div
        class="space-y-1 leading-none"
      >
        <label
          class="flex items-center gap-2 text-sm leading-none font-medium select-none group-data-[disabled=true]:pointer-events-none group-data-[disabled=true]:opacity-50 peer-disabled:cursor-not-allowed peer-disabled:opacity-50 data-[error=true]:text-destructive"
          data-error="false"
          data-slot="form-label"
          for="_r_n_-form-item"
        >
          Accept terms and conditions
        </label>
        <p
          class="text-muted-foreground text-sm"
          data-slot="form-description"
          id="_r_n_-form-item-description"
        >
          You agree to our Terms of Service and Privacy Policy.
        </p>
      </div>
    </div>
    <button
      class="inline-flex items-center justify-center gap-2 whitespace-nowrap rounded-md text-sm font-medium transition-all cursor-pointer disabled:pointer-events-none disabled:opacity-50 [&_svg]:pointer-events-none [&_svg:not([class*='size-'])]:size-4 shrink-0 [&_svg]:shrink-0 outline-none focus-visible:border-ring focus-visible:ring-ring/50 focus-visible:ring-[3px] aria-invalid:ring-destructive/20 dark:aria-invalid:ring-destructive/40 aria-invalid:border-destructive bg-primary text-primary-foreground shadow-xs hover:bg-primary/90 h-9 px-4 py-2 has-[>svg]:px-3 w-full"
      data-slot="button"
      type="submit"
    >
      Submit
    </button>
  </form>
</div>
`;
